$ git push
fatal: unable to access 'https://github.com/HUAQIKAI/c.git/': OpenSSL SSL_read: Connection was reset, errno 10054

$ git push
fatal: unable to access 'https://github.com/HUAQIKAI/c.git/': Failed to connect to github.com port 443: Timed out

$ git push
fatal: unable to access 'https://github.com/HUAQIKAI/c.git/': OpenSSL SSL_read: Connection was reset, errno 10054

CNCS-@CNCS-PC MINGW32 /d/ebpro/EB_XML (master)
$ git push
ssh: connect to host 192.168.8.110 port 29418: Connection refused
fatal: Could not read from remote repository.

Please make sure you have the correct access rights
and the repository exists.

CNCS-@CNCS-PC MINGW32 /d/ebpro/EB_XML (master)
$ git push
ssh: connect to host 192.168.8.110 port 29418: No route to host
fatal: Could not read from remote repository.

Please make sure you have the correct access rights
and the repository exists.
